Product: MDK-ARM Lite 5.10
Component: ARM Compiler 5.04 update 1 (build 49)
Tool: armlink [5040049]

==============================================================================

Section Cross References

    system_stm32f4xx.o(.text) refers to system_stm32f4xx.o(.data) for SystemCoreClock
    startup_stm32f4xx.o(STACK) refers (Special) to heapauxi.o(.text) for __use_two_region_memory
    startup_stm32f4xx.o(HEAP) refers (Special) to heapauxi.o(.text) for __use_two_region_memory
    startup_stm32f4xx.o(RESET) refers (Special) to heapauxi.o(.text) for __use_two_region_memory
    startup_stm32f4xx.o(RESET) refers to startup_stm32f4xx.o(STACK) for __initial_sp
    startup_stm32f4xx.o(RESET) refers to startup_stm32f4xx.o(.text) for Reset_Handler
    startup_stm32f4xx.o(RESET) refers to i2c.o(.text) for I2C1_EV_IRQHandler
    startup_stm32f4xx.o(RESET) refers to usart.o(.text) for USART3_IRQHandler
    startup_stm32f4xx.o(RESET) refers to timer.o(.text) for TIM6_DAC_IRQHandler
    startup_stm32f4xx.o(.text) refers (Special) to heapauxi.o(.text) for __use_two_region_memory
    startup_stm32f4xx.o(.text) refers to system_stm32f4xx.o(.text) for SystemInit
    startup_stm32f4xx.o(.text) refers to __main.o(!!!main) for __main
    startup_stm32f4xx.o(.text) refers to startup_stm32f4xx.o(HEAP) for Heap_Mem
    startup_stm32f4xx.o(.text) refers to startup_stm32f4xx.o(STACK) for Stack_Mem
    clockcontrol.o(.text) refers to clockcontrol.o(.bss) for ClockControl
    i2c.o(.text) refers to calloc.o(.text) for calloc
    i2c.o(.text) refers to h1_realloc.o(.text) for realloc
    i2c.o(.text) refers to messenger.o(.text) for Messenger_SendByte
    i2c.o(.text) refers to h1_free.o(.text) for free
    i2c.o(.text) refers to i2c.o(.bss) for I2C_Operation
    main.o(.text) refers to wire.o(.text) for Wire_BeginCycle
    main.o(.text) refers to timer.o(.text) for Timer_init
    main.o(.text) refers to clockcontrol.o(.text) for ClockControl_Initialize
    main.o(.text) refers to serial.o(.text) for Serial_Begin
    main.o(.text) refers to messenger.o(.text) for Messenger_Initialize
    main.o(.text) refers to mpu6050.o(.text) for MPU6050_Initialize
    main.o(.text) refers to sensors_fusion.o(.text) for sensors_fusion_init
    main.o(.text) refers to main.o(.data) for are_devs_init
    messenger.o(.text) refers to strncmp.o(.text) for strncmp
    messenger.o(.text) refers to serial.o(.text) for Serial_ByteReceived_Attach
    messenger.o(.text) refers to messenger.o(.data) for last_bytes
    mpu6050.o(.text) refers to messenger.o(.text) for Messenger_SendWord
    mpu6050.o(.text) refers to mpu6050.o(.bss) for MPU6050_Data
    mpu6050.o(.text) refers to i2c.o(.text) for I2C_SetOpDescription
    mpu6050.o(.text) refers to h1_alloc.o(.text) for malloc
    mpu6050.o(.text) refers to wire.o(.text) for Wire_AttachDevice
    mpu6050.o(.text) refers to h1_realloc.o(.text) for realloc
    serial.o(.text) refers to _printf_percent.o(.ARM.Collect$$_printf_percent$$00000000) for _printf_percent
    serial.o(.text) refers to _printf_u.o(.ARM.Collect$$_printf_percent$$0000000A) for _printf_u
    serial.o(.text) refers to _printf_dec.o(.text) for _printf_int_dec
    serial.o(.text) refers to _printf_f.o(.ARM.Collect$$_printf_percent$$00000003) for _printf_f
    serial.o(.text) refers to printf1.o(x$fpl$printf1) for _printf_fp_dec
    serial.o(.text) refers to h1_free.o(.text) for free
    serial.o(.text) refers to buffer.o(.text) for Buffer_Pop
    serial.o(.text) refers to usart.o(.text) for USART_WriteByte
    serial.o(.text) refers to calloc.o(.text) for calloc
    serial.o(.text) refers to __2sprintf.o(.text) for __2sprintf
    serial.o(.text) refers to f2d.o(x$fpl$f2d) for __aeabi_f2d
    serial.o(.text) refers to strlen.o(.text) for strlen
    serial.o(.text) refers to serial.o(.bss) for Serial
    serial.o(.text) refers to h1_realloc.o(.text) for realloc
    timer.o(.text) refers to timer.o(.data) for timer6
    usart.o(.text) refers to f2d.o(x$fpl$f2d) for __aeabi_f2d
    usart.o(.text) refers to drleqf.o(x$fpl$drleqf) for __aeabi_cdrcmple
    usart.o(.text) refers to ddiv.o(x$fpl$ddiv) for __aeabi_ddiv
    usart.o(.text) refers to daddsub_clz.o(x$fpl$dadd) for __aeabi_dadd
    usart.o(.text) refers to floor.o(i.__hardfp_floor) for __hardfp_floor
    usart.o(.text) refers to dfix.o(x$fpl$dfix) for __aeabi_d2iz
    usart.o(.text) refers to h1_realloc.o(.text) for realloc
    usart.o(.text) refers to h1_free.o(.text) for free
    usart.o(.text) refers to clockcontrol.o(.bss) for ClockControl
    usart.o(.text) refers to usart.o(.bss) for USART
    wire.o(.text) refers to h1_realloc.o(.text) for realloc
    wire.o(.text) refers to h1_free.o(.text) for free
    wire.o(.text) refers to i2c.o(.text) for I2C_StartOperation
    wire.o(.text) refers to wire.o(.bss) for Wire
    sensors_fusion.o(.text) refers to messenger.o(.text) for Messenger_SendByte
    sensors_fusion.o(.text) refers to mpu6050.o(.text) for MPU6050_attach_accel_handler
[...]
    ../clib/angel/sys.s                      0x00000000   Number         0  libspace.o ABSOLUTE
    ../clib/angel/sys.s                      0x00000000   Number         0  use_no_semi.o ABSOLUTE
    ../clib/angel/sys.s                      0x00000000   Number         0  indicate_semi.o ABSOLUTE
    ../clib/angel/sys.s                      0x00000000   Number         0  sys_stackheap_outer.o ABSOLUTE
    ../clib/angel/sys.s                      0x00000000   Number         0  mutex_dummy.o ABSOLUTE
    ../clib/angel/sysapp.c                   0x00000000   Number         0  sys_command.o ABSOLUTE
    ../clib/angel/sysapp.c                   0x00000000   Number         0  sys_exit.o ABSOLUTE
    ../clib/angel/sysapp.c                   0x00000000   Number         0  sys_wrch.o ABSOLUTE
    ../clib/armsys.c                         0x00000000   Number         0  argv_veneer.o ABSOLUTE
    ../clib/armsys.c                         0x00000000   Number         0  argv_veneer.o ABSOLUTE
    ../clib/armsys.c                         0x00000000   Number         0  _get_argv.o ABSOLUTE
    ../clib/armsys.c                         0x00000000   Number         0  _get_argv_nomalloc.o ABSOLUTE
    ../clib/armsys.c                         0x00000000   Number         0  no_argv.o ABSOLUTE
    ../clib/bigflt.c                         0x00000000   Number         0  bigflt0.o ABSOLUTE
    ../clib/btod.s                           0x00000000   Number         0  btod.o ABSOLUTE
    ../clib/heap1.c                          0x00000000   Number         0  h1_final_mt.o ABSOLUTE
    ../clib/heap1.c                          0x00000000   Number         0  h1_alloc.o ABSOLUTE
    ../clib/heap1.c                          0x00000000   Number         0  h1_final.o ABSOLUTE
    ../clib/heap1.c                          0x00000000   Number         0  h1_free.o ABSOLUTE
    ../clib/heap1.c                          0x00000000   Number         0  h1_free_mt.o ABSOLUTE
    ../clib/heap1.c                          0x00000000   Number         0  h1_realloc_mt.o ABSOLUTE
    ../clib/heap1.c                          0x00000000   Number         0  h1_init_mt.o ABSOLUTE
    ../clib/heap1.c                          0x00000000   Number         0  h1_init.o ABSOLUTE
    ../clib/heap1.c                          0x00000000   Number         0  h1_extend_mt.o ABSOLUTE
    ../clib/heap1.c                          0x00000000   Number         0  h1_alloc_mt.o ABSOLUTE
    ../clib/heap1.c                          0x00000000   Number         0  h1_realloc.o ABSOLUTE
    ../clib/heap1.c                          0x00000000   Number         0  h1_extend.o ABSOLUTE
    ../clib/heap2.c                          0x00000000   Number         0  heap2mt.o ABSOLUTE
    ../clib/heap2.c                          0x00000000   Number         0  fdtree.o ABSOLUTE
    ../clib/heap2.c                          0x00000000   Number         0  heap2.o ABSOLUTE
    ../clib/heapalloc.c                      0x00000000   Number         0  free.o ABSOLUTE
    ../clib/heapalloc.c                      0x00000000   Number         0  realloc.o ABSOLUTE
    ../clib/heapalloc.c                      0x00000000   Number         0  calloc.o ABSOLUTE
    ../clib/heapalloc.c                      0x00000000   Number         0  term_alloc.o ABSOLUTE
    ../clib/heapalloc.c                      0x00000000   Number         0  hguard.o ABSOLUTE
    ../clib/heapalloc.c                      0x00000000   Number         0  init_alloc.o ABSOLUTE
    ../clib/heapalloc.c                      0x00000000   Number         0  maybetermalloc2.o ABSOLUTE
    ../clib/heapalloc.c                      0x00000000   Number         0  heapstubs.o ABSOLUTE
    ../clib/heapalloc.c                      0x00000000   Number         0  maybetermalloc2.o ABSOLUTE
    ../clib/heapalloc.c                      0x00000000   Number         0  maybetermalloc1.o ABSOLUTE
    ../clib/heapalloc.c                      0x00000000   Number         0  maybetermalloc1.o ABSOLUTE
    ../clib/heapalloc.c                      0x00000000   Number         0  hrguard.o ABSOLUTE
    ../clib/heapalloc.c                      0x00000000   Number         0  malloc.o ABSOLUTE
    ../clib/heapaux.c                        0x00000000   Number         0  heapauxi.o ABSOLUTE
    ../clib/heapaux.c                        0x00000000   Number         0  heapauxa.o ABSOLUTE
    ../clib/libinit.s                        0x00000000   Number         0  libshutdown.o ABSOLUTE
    ../clib/libinit.s                        0x00000000   Number         0  libinit2.o ABSOLUTE
    ../clib/libinit.s                        0x00000000   Number         0  libshutdown2.o ABSOLUTE
    ../clib/libinit.s                        0x00000000   Number         0  libinit.o ABSOLUTE
    ../clib/locale.s                         0x00000000   Number         0  lc_numeric_c.o ABSOLUTE
    ../clib/longlong.s                       0x00000000   Number         0  lludiv10.o ABSOLUTE
    ../clib/memcpset.s                       0x00000000   Number         0  rt_memcpy_w.o ABSOLUTE
    ../clib/memcpset.s                       0x00000000   Number         0  rt_memclr.o ABSOLUTE
    ../clib/memcpset.s                       0x00000000   Number         0  strcmpv7m.o ABSOLUTE
    ../clib/memcpset.s                       0x00000000   Number         0  rt_memclr_w.o ABSOLUTE
    ../clib/misc.s                           0x00000000   Number         0  printf_stubs.o ABSOLUTE
    ../clib/printf.c                         0x00000000   Number         0  _sputc.o ABSOLUTE
    ../clib/printf.c                         0x00000000   Number         0  _printf_char_common.o ABSOLUTE
    ../clib/printf.c                         0x00000000   Number         0  __printf.o ABSOLUTE
    ../clib/printf.c                         0x00000000   Number         0  _printf_fp_dec.o ABSOLUTE
    ../clib/printf.c                         0x00000000   Number         0  __printf_ss_wp.o ABSOLUTE
    ../clib/printf.c                         0x00000000   Number         0  _printf_dec.o ABSOLUTE
    ../clib/printf.c                         0x00000000   Number         0  __printf_flags_wp.o ABSOLUTE
    ../clib/printf.c                         0x00000000   Number         0  __printf_wp.o ABSOLUTE
    ../clib/printf.c                         0x00000000   Number         0  __printf_flags_ss.o ABSOLUTE
    ../clib/printf.c                         0x00000000   Number         0  __printf_flags.o ABSOLUTE
    ../clib/printf.c                         0x00000000   Number         0  noretval__2sprintf.o ABSOLUTE
    ../clib/printf.c                         0x00000000   Number         0  _printf_fp_infnan.o ABSOLUTE
    ../clib/printf.c                         0x00000000   Number         0  __printf_ss.o ABSOLUTE
    ../clib/printf.c                         0x00000000   Number         0  __printf_nopercent.o ABSOLUTE
    ../clib/printf.c                         0x00000000   Number         0  _printf_intcommon.o ABSOLUTE
    ../clib/printf.c                         0x00000000   Number         0  __2sprintf.o ABSOLUTE
    ../clib/printf.c                         0x00000000   Number         0  __printf_flags_ss_wp.o ABSOLUTE
    ../clib/printf_percent.s                 0x00000000   Number         0  _printf_percent_end.o ABSOLUTE
    ../clib/printf_percent.s                 0x00000000   Number         0  _printf_percent.o ABSOLUTE
    ../clib/printf_percent.s                 0x00000000   Number         0  _printf_u.o ABSOLUTE
    ../clib/printf_percent.s                 0x00000000   Number         0  _printf_f.o ABSOLUTE
    ../clib/signal.c                         0x00000000   Number         0  defsig_rtmem_outer.o ABSOLUTE
    ../clib/signal.c                         0x00000000   Number         0  defsig_abrt_inner.o ABSOLUTE
    ../clib/signal.c                         0x00000000   Number         0  defsig_fpe_inner.o ABSOLUTE
    ../clib/signal.c                         0x00000000   Number         0  defsig_rtred_inner.o ABSOLUTE
    ../clib/signal.c                         0x00000000   Number         0  defsig_stak_inner.o ABSOLUTE
    ../clib/signal.c                         0x00000000   Number         0  defsig_pvfn_inner.o ABSOLUTE
    ../clib/signal.c                         0x00000000   Number         0  defsig_other.o ABSOLUTE
    ../clib/signal.c                         0x00000000   Number         0  defsig_segv_inner.o ABSOLUTE
    ../clib/signal.c                         0x00000000   Number         0  defsig_cppl_inner.o ABSOLUTE
    ../clib/signal.c                         0x00000000   Number         0  defsig_rtmem_inner.o ABSOLUTE
    ../clib/signal.c                         0x00000000   Number         0  defsig_exit.o ABSOLUTE
    ../clib/signal.c                         0x00000000   Number         0  __raise.o ABSOLUTE
    ../clib/signal.c                         0x00000000   Number         0  defsig_rtmem_formal.o ABSOLUTE
    ../clib/signal.c                         0x00000000   Number         0  defsig_general.o ABSOLUTE
    ../clib/signal.s                         0x00000000   Number         0  defsig.o ABSOLUTE
    ../clib/stdlib.c                         0x00000000   Number         0  exit.o ABSOLUTE
    ../clib/string.c                         0x00000000   Number         0  strlen.o ABSOLUTE
    ../clib/string.c                         0x00000000   Number         0  strncmp.o ABSOLUTE
    ../fplib/daddsub.s                       0x00000000   Number         0  daddsub_clz.o ABSOLUTE
    ../fplib/dcmpi.s                         0x00000000   Number         0  dcmpi.o ABSOLUTE
    ../fplib/ddiv.s                          0x00000000   Number         0  ddiv.o ABSOLUTE
    ../fplib/dfix.s                          0x00000000   Number         0  dfix.o ABSOLUTE
    ../fplib/dleqf.s                         0x00000000   Number         0  dleqf.o ABSOLUTE
    ../fplib/dnaninf.s                       0x00000000   Number         0  dnaninf.o ABSOLUTE
    ../fplib/dretinf.s                       0x00000000   Number         0  dretinf.o ABSOLUTE
    ../fplib/drleqf.s                        0x00000000   Number         0  drleqf.o ABSOLUTE
    ../fplib/f2d.s                           0x00000000   Number         0  f2d.o ABSOLUTE
    ../fplib/fnaninf.s                       0x00000000   Number         0  fnaninf.o ABSOLUTE
    ../fplib/fpinit.s                        0x00000000   Number         0  fpinit.o ABSOLUTE
    ../fplib/istatus.s                       0x00000000   Number         0  istatus.o ABSOLUTE
    ../fplib/printf1.s                       0x00000000   Number         0  printf1.o ABSOLUTE
    ../fplib/usenofp.s                       0x00000000   Number         0  usenofp.o ABSOLUTE
    ../mathlib/floor.c                       0x00000000   Number         0  floor.o ABSOLUTE
    ../mathlib/fpclassify.c                  0x00000000   Number         0  fpclassify.o ABSOLUTE
    dc.s                                     0x00000000   Number         0  dc.o ABSOLUTE
    source\CMSIS\system_stm32f4xx.c          0x00000000   Number         0  system_stm32f4xx.o ABSOLUTE
    source\\CMSIS\\system_stm32f4xx.c        0x00000000   Number         0  system_stm32f4xx.o ABSOLUTE
    source\\source\\ClockControl.c           0x00000000   Number         0  clockcontrol.o ABSOLUTE
    source\\source\\I2C.c                    0x00000000   Number         0  i2c.o ABSOLUTE
    source\\source\\Timer.c                  0x00000000   Number         0  timer.o ABSOLUTE
    source\\source\\USART.c                  0x00000000   Number         0  usart.o ABSOLUTE
    source\\source\\main.c                   0x00000000   Number         0  main.o ABSOLUTE
    source\source\Buffer.c                   0x00000000   Number         0  buffer.o ABSOLUTE
    source\source\ClockControl.c             0x00000000   Number         0  clockcontrol.o ABSOLUTE
    source\source\I2C.c                      0x00000000   Number         0  i2c.o ABSOLUTE
    source\source\MPU6050.c                  0x00000000   Number         0  mpu6050.o ABSOLUTE
    source\source\Messenger.c                0x00000000   Number         0  messenger.o ABSOLUTE
    source\source\Serial.c                   0x00000000   Number         0  serial.o ABSOLUTE
    source\source\Timer.c                    0x00000000   Number         0  timer.o ABSOLUTE
    source\source\USART.c                    0x00000000   Number         0  usart.o ABSOLUTE
    source\source\Wire.c                     0x00000000   Number         0  wire.o ABSOLUTE
    source\source\main.c                     0x00000000   Number         0  main.o ABSOLUTE
    source\source\sensors_fusion.c           0x00000000   Number         0  sensors_fusion.o ABSOLUTE
    source\startup\startup_stm32f4xx.s       0x00000000   Number         0  startup_stm32f4xx.o ABSOLUTE
    RESET                                    0x08000000   Section      392  startup_stm32f4xx.o(RESET)
    !!!main                                  0x08000188   Section        8  __main.o(!!!main)
    !!!scatter                               0x08000190   Section       52  __scatter.o(!!!scatter)
    !!handler_copy                           0x080001c4   Section       26  __scatter_copy.o(!!handler_copy)
    !!handler_zi                             0x080001e0   Section       28  __scatter_zi.o(!!handler_zi)
    .ARM.Collect$$_printf_percent$$00000000  0x080001fc   Section        0  _printf_percent.o(.ARM.Collect$$_printf_percent$$00000000)
    .ARM.Collect$$_printf_percent$$00000003  0x080001fc   Section        6  _printf_f.o(.ARM.Collect$$_printf_percent$$00000003)
    .ARM.Collect$$_printf_percent$$0000000A  0x08000202   Section        6  _printf_u.o(.ARM.Collect$$_printf_percent$$0000000A)
    .ARM.Collect$$_printf_percent$$00000017  0x08000208   Section        4  _printf_percent_end.o(.ARM.Collect$$_printf_percent$$00000017)
    .ARM.Collect$$libinit$$00000000          0x0800020c   Section        2  libinit.o(.ARM.Collect$$libinit$$00000000)
    .ARM.Collect$$libinit$$00000001          0x0800020e   Section        4  libinit2.o(.ARM.Collect$$libinit$$00000001)
    .ARM.Collect$$libinit$$00000003          0x08000212   Section        8  libinit2.o(.ARM.Collect$$libinit$$00000003)
    .ARM.Collect$$libinit$$00000008          0x0800021a   Section        0  libinit2.o(.ARM.Collect$$libinit$$00000008)
    .ARM.Collect$$libinit$$0000000A          0x0800021a   Section        0  libinit2.o(.ARM.Collect$$libinit$$0000000A)
    .ARM.Collect$$libinit$$0000000C          0x0800021a   Section        0  libinit2.o(.ARM.Collect$$libinit$$0000000C)
    .ARM.Collect$$libinit$$0000000D          0x0800021a   Section        6  libinit2.o(.ARM.Collect$$libinit$$0000000D)
    .ARM.Collect$$libinit$$0000000F          0x08000220   Section        0  libinit2.o(.ARM.Collect$$libinit$$0000000F)
    .ARM.Collect$$libinit$$00000011          0x08000220   Section        0  libinit2.o(.ARM.Collect$$libinit$$00000011)
    .ARM.Collect$$libinit$$00000013          0x08000220   Section        0  libinit2.o(.ARM.Collect$$libinit$$00000013)
    .ARM.Collect$$libinit$$00000014          0x08000220   Section       10  libinit2.o(.ARM.Collect$$libinit$$00000014)
    .ARM.Collect$$libinit$$00000015          0x0800022a   Section        0  libinit2.o(.ARM.Collect$$libinit$$00000015)
    .ARM.Collect$$libinit$$00000017          0x0800022a   Section        0  libinit2.o(.ARM.Collect$$libinit$$00000017)
    .ARM.Collect$$libinit$$00000019          0x0800022a   Section        0  libinit2.o(.ARM.Collect$$libinit$$00000019)
    .ARM.Collect$$libinit$$0000001B          0x0800022a   Section        0  libinit2.o(.ARM.Collect$$libinit$$0000001B)
    .ARM.Collect$$libinit$$0000001D          0x0800022a   Section        0  libinit2.o(.ARM.Collect$$libinit$$0000001D)
    .ARM.Collect$$libinit$$0000001F          0x0800022a   Section        0  libinit2.o(.ARM.Collect$$libinit$$0000001F)
    .ARM.Collect$$libinit$$00000021          0x0800022a   Section        0  libinit2.o(.ARM.Collect$$libinit$$00000021)
    .ARM.Collect$$libinit$$00000023          0x0800022a   Section        0  libinit2.o(.ARM.Collect$$libinit$$00000023)
    .ARM.Collect$$libinit$$0000002A          0x0800022a   Section        0  libinit2.o(.ARM.Collect$$libinit$$0000002A)
    .ARM.Collect$$libinit$$0000002C          0x0800022a   Section        0  libinit2.o(.ARM.Collect$$libinit$$0000002C)
    .ARM.Collect$$libinit$$0000002E          0x0800022a   Section        0  libinit2.o(.ARM.Collect$$libinit$$0000002E)
    .ARM.Collect$$libinit$$00000030          0x0800022a   Section        0  libinit2.o(.ARM.Collect$$libinit$$00000030)
    .ARM.Collect$$libinit$$00000031          0x0800022a   Section        2  libinit2.o(.ARM.Collect$$libinit$$00000031)
    .ARM.Collect$$libshutdown$$00000000      0x0800022c   Section        2  libshutdown.o(.ARM.Collect$$libshutdown$$00000000)
    .ARM.Collect$$libshutdown$$00000003      0x0800022e   Section        0  libshutdown2.o(.ARM.Collect$$libshutdown$$00000003)
    .ARM.Collect$$libshutdown$$00000006      0x0800022e   Section        0  libshutdown2.o(.ARM.Collect$$libshutdown$$00000006)
    .ARM.Collect$$libshutdown$$00000009      0x0800022e   Section        0  libshutdown2.o(.ARM.Collect$$libshutdown$$00000009)
    .ARM.Collect$$libshutdown$$0000000B      0x0800022e   Section        0  libshutdown2.o(.ARM.Collect$$libshutdown$$0000000B)
    .ARM.Collect$$libshutdown$$0000000E      0x0800022e   Section        0  libshutdown2.o(.ARM.Collect$$libshutdown$$0000000E)
    .ARM.Collect$$libshutdown$$0000000F      0x0800022e   Section        2  libshutdown2.o(.ARM.Collect$$libshutdown$$0000000F)
    .ARM.Collect$$rtentry$$00000000          0x08000230   Section        0  rtentry.o(.ARM.Collect$$rtentry$$00000000)
    .ARM.Collect$$rtentry$$00000002          0x08000230   Section        0  rtentry2.o(.ARM.Collect$$rtentry$$00000002)
    .ARM.Collect$$rtentry$$00000004          0x08000230   Section        6  rtentry4.o(.ARM.Collect$$rtentry$$00000004)
    .ARM.Collect$$rtentry$$00000009          0x08000236   Section        0  rtentry2.o(.ARM.Collect$$rtentry$$00000009)
    .ARM.Collect$$rtentry$$0000000A          0x08000236   Section        4  rtentry2.o(.ARM.Collect$$rtentry$$0000000A)
    .ARM.Collect$$rtentry$$0000000C          0x0800023a   Section        0  rtentry2.o(.ARM.Collect$$rtentry$$0000000C)
    .ARM.Collect$$rtentry$$0000000D          0x0800023a   Section        8  rtentry2.o(.ARM.Collect$$rtentry$$0000000D)
    .ARM.Collect$$rtexit$$00000000           0x08000242   Section        2  rtexit.o(.ARM.Collect$$rtexit$$00000000)
    .ARM.Collect$$rtexit$$00000002           0x08000244   Section        0  rtexit2.o(.ARM.Collect$$rtexit$$00000002)
    .ARM.Collect$$rtexit$$00000003           0x08000244   Section        4  rtexit2.o(.ARM.Collect$$rtexit$$00000003)
    .ARM.Collect$$rtexit$$00000004           0x08000248   Section        6  rtexit2.o(.ARM.Collect$$rtexit$$00000004)
    .emb_text                                0x08000250   Section        0  maybetermalloc1.o(.emb_text)
    .text                                    0x08000250   Section        0  system_stm32f4xx.o(.text)
    SetSysClock                              0x08000251   Thumb Code   220  system_stm32f4xx.o(.text)
    .text                                    0x08000460   Section       64  startup_stm32f4xx.o(.text)
    $v0                                      0x08000460   Number         0  startup_stm32f4xx.o(.text)
    .text                                    0x080004a0   Section        0  buffer.o(.text)
    .text                                    0x08000580   Section        0  clockcontrol.o(.text)
    .text                                    0x080006c0   Section        0  i2c.o(.text)
    NVIC_EnableIRQ                           0x08000a8f   Thumb Code    38  i2c.o(.text)
    .text                                    0x08000ab4   Section        0  main.o(.text)
    .text                                    0x08000ba4   Section        0  messenger.o(.text)
    .text                                    0x08000cb4   Section        0  mpu6050.o(.text)
    .text                                    0x08001880   Section        0  serial.o(.text)
    .text                                    0x08001e00   Section        0  timer.o(.text)
    NVIC_EnableIRQ                           0x08001f63   Thumb Code    22  timer.o(.text)
    .text                                    0x08001f90   Section        0  usart.o(.text)
    .text                                    0x080024dc   Section        0  wire.o(.text)
    .text                                    0x080026b0   Section        0  sensors_fusion.o(.text)
    .text                                    0x080026e4   Section        0  calloc.o(.text)
    .text                                    0x0800270c   Section        0  h1_alloc.o(.text)
    .text                                    0x0800276a   Section        0  h1_free.o(.text)
    .text                                    0x080027b8   Section        0  h1_realloc.o(.text)
    .text                                    0x08002870   Section        0  __2sprintf.o(.text)
    .text                                    0x0800289c   Section        0  __printf.o(.text)
    .text                                    0x08002904   Section        0  _printf_dec.o(.text)
    .text                                    0x08002978   Section        0  strlen.o(.text)
    .text                                    0x080029b6   Section        0  strncmp.o(.text)
    .text                                    0x08002a4c   Section        0  heapauxi.o(.text)
    .text                                    0x08002a54   Section        8  rt_heap_descriptor_intlibspace.o(.text)
    .text                                    0x08002a5c   Section        0  hguard.o(.text)
    .text                                    0x08002a60   Section        0  init_alloc.o(.text)
    .text                                    0x08002aea   Section        0  h1_init.o(.text)
    .text                                    0x08002af8   Section        0  _printf_intcommon.o(.text)
    .text                                    0x08002baa   Section        0  _printf_fp_dec.o(.text)
    _fp_digits                               0x08002bad   Thumb Code   428  _printf_fp_dec.o(.text)
    .text                                    0x08002fc0   Section        0  _printf_char_common.o(.text)
    _printf_input_char                       0x08002fc1   Thumb Code    10  _printf_char_common.o(.text)
    .text                                    0x08002ff0   Section        0  _sputc.o(.text)
    .text                                    0x08002ffa   Section      100  rt_memcpy_w.o(.text)
    .text                                    0x0800305e   Section       68  rt_memclr.o(.text)
    .text                                    0x080030a4   Section        8  libspace.o(.text)
    .text                                    0x080030ac   Section        8  rt_locale_intlibspace.o(.text)
    .text                                    0x080030b4   Section        0  h1_extend.o(.text)
    .text                                    0x080030e8   Section      138  lludiv10.o(.text)
    .text                                    0x08003174   Section        0  _printf_fp_infnan.o(.text)
    .text                                    0x080031f4   Section        0  bigflt0.o(.text)
    .text                                    0x080032cc   Section        0  defsig_rtmem_outer.o(.text)
    .text                                    0x080032da   Section       78  rt_memclr_w.o(.text)
    .text                                    0x08003328   Section        2  use_no_semi.o(.text)
    .text                                    0x0800332a   Section       74  sys_stackheap_outer.o(.text)
    .text                                    0x0800332a   Section        0  indicate_semi.o(.text)
    .text                                    0x08003374   Section        0  exit.o(.text)
    .text                                    0x08003380   Section        0  defsig_exit.o(.text)
    .text                                    0x0800338c   Section        0  defsig_rtmem_inner.o(.text)
    .text                                    0x080033dc   Section      128  strcmpv7m.o(.text)
    .text                                    0x0800345c   Section        0  sys_exit.o(.text)
    .text                                    0x08003468   Section        0  defsig_general.o(.text)
    .text                                    0x0800349a   Section        0  sys_wrch.o(.text)
    CL$$btod_d2e                             0x080034a8   Section       62  btod.o(CL$$btod_d2e)
    CL$$btod_d2e_denorm_low                  0x080034e6   Section       70  btod.o(CL$$btod_d2e_denorm_low)
    CL$$btod_d2e_norm_op1                    0x0800352c   Section       96  btod.o(CL$$btod_d2e_norm_op1)
    CL$$btod_div_common                      0x0800358c   Section      824  btod.o(CL$$btod_div_common)
    CL$$btod_e2e                             0x080038c4   Section      198  btod.o(CL$$btod_e2e)
    CL$$btod_ediv                            0x0800398a   Section       40  btod.o(CL$$btod_ediv)
    CL$$btod_emul                            0x080039b2   Section       40  btod.o(CL$$btod_emul)
    CL$$btod_mult_common                     0x080039da   Section      580  btod.o(CL$$btod_mult_common)
    i.__ARM_fpclassify                       0x08003c1e   Section        0  fpclassify.o(i.__ARM_fpclassify)
    i.__hardfp_floor                         0x08003c50   Section        0  floor.o(i.__hardfp_floor)
    locale$$code                             0x08003d68   Section       44  lc_numeric_c.o(locale$$code)
    x$fpl$dadd                               0x08003d94   Section      336  daddsub_clz.o(x$fpl$dadd)
    $v0                                      0x08003d94   Number         0  daddsub_clz.o(x$fpl$dadd)
    _dadd1                                   0x08003da5   Thumb Code     0  daddsub_clz.o(x$fpl$dadd)
    x$fpl$dcmpinf                            0x08003ee4   Section       24  dcmpi.o(x$fpl$dcmpinf)
    $v0                                      0x08003ee4   Number         0  dcmpi.o(x$fpl$dcmpinf)
    x$fpl$ddiv                               0x08003efc   Section      688  ddiv.o(x$fpl$ddiv)
    $v0                                      0x08003efc   Number         0  ddiv.o(x$fpl$ddiv)
    ddiv_entry                               0x08003f03   Thumb Code     0  ddiv.o(x$fpl$ddiv)
    x$fpl$dfix                               0x080041ac   Section       94  dfix.o(x$fpl$dfix)
    $v0                                      0x080041ac   Number         0  dfix.o(x$fpl$dfix)
    x$fpl$dleqf                              0x0800420c   Section      120  dleqf.o(x$fpl$dleqf)
    $v0                                      0x0800420c   Number         0  dleqf.o(x$fpl$dleqf)
    x$fpl$dnaninf                            0x08004284   Section      156  dnaninf.o(x$fpl$dnaninf)
    $v0                                      0x08004284   Number         0  dnaninf.o(x$fpl$dnaninf)
    x$fpl$dretinf                            0x08004320   Section       12  dretinf.o(x$fpl$dretinf)
    $v0                                      0x08004320   Number         0  dretinf.o(x$fpl$dretinf)
    x$fpl$drleqf                             0x0800432c   Section      108  drleqf.o(x$fpl$drleqf)
    $v0                                      0x0800432c   Number         0  drleqf.o(x$fpl$drleqf)
    x$fpl$drsb                               0x08004398   Section       22  daddsub_clz.o(x$fpl$drsb)
    $v0                                      0x08004398   Number         0  daddsub_clz.o(x$fpl$drsb)
    x$fpl$dsub                               0x080043b0   Section      468  daddsub_clz.o(x$fpl$dsub)
    $v0                                      0x080043b0   Number         0  daddsub_clz.o(x$fpl$dsub)
    _dsub1                                   0x080043c1   Thumb Code     0  daddsub_clz.o(x$fpl$dsub)
    x$fpl$f2d                                0x08004584   Section       86  f2d.o(x$fpl$f2d)
    $v0                                      0x08004584   Number         0  f2d.o(x$fpl$f2d)
    x$fpl$fnaninf                            0x080045da   Section      140  fnaninf.o(x$fpl$fnaninf)
    $v0                                      0x080045da   Number         0  fnaninf.o(x$fpl$fnaninf)
    x$fpl$fpinit                             0x08004666   Section       10  fpinit.o(x$fpl$fpinit)
    $v0                                      0x08004666   Number         0  fpinit.o(x$fpl$fpinit)
    x$fpl$printf1                            0x08004670   Section        4  printf1.o(x$fpl$printf1)
    $v0                                      0x08004670   Number         0  printf1.o(x$fpl$printf1)
    .constdata                               0x08004674   Section      148  bigflt0.o(.constdata)
    x$fpl$usenofp                            0x08004674   Section        0  usenofp.o(x$fpl$usenofp)
    tenpwrs_x                                0x08004674   Data          60  bigflt0.o(.constdata)
    tenpwrs_i                                0x080046b0   Data          64  bigflt0.o(.constdata)
    locale$$data                             0x08004728   Section       28  lc_numeric_c.o(locale$$data)
    __lcnum_c_name                           0x0800472c   Data           2  lc_numeric_c.o(locale$$data)
    __lcnum_c_start                          0x08004734   Data           0  lc_numeric_c.o(locale$$data)
    __lcnum_c_point                          0x08004740   Data           0  lc_numeric_c.o(locale$$data)
    __lcnum_c_thousands                      0x08004742   Data           0  lc_numeric_c.o(locale$$data)
    __lcnum_c_grouping                       0x08004743   Data           0  lc_numeric_c.o(locale$$data)
    __lcnum_c_end                            0x08004744   Data           0  lc_numeric_c.o(locale$$data)
    .data                                    0x20000000   Section       20  system_stm32f4xx.o(.data)
    .data                                    0x20000014   Section        5  main.o(.data)
    .data                                    0x2000001c   Section       12  messenger.o(.data)
    current_mode                             0x20000021   Data           1  messenger.o(.data)
    .data                                    0x20000028   Section       16  timer.o(.data)
    .bss                                     0x20000038   Section       16  clockcontrol.o(.bss)
    .bss                                     0x20000048   Section       24  i2c.o(.bss)
    .bss                                     0x20000060   Section       96  mpu6050.o(.bss)
    .bss                                     0x200000c0   Section      580  serial.o(.bss)
    .bss                                     0x20000304   Section       24  usart.o(.bss)
    .bss                                     0x2000031c   Section       12  wire.o(.bss)
    .bss                                     0x20000328   Section       96  libspace.o(.bss)
    HEAP                                     0x20000388   Section      512  startup_stm32f4xx.o(HEAP)
    Heap_Mem                                 0x20000388   Data         512  startup_stm32f4xx.o(HEAP)
    STACK                                    0x20000588   Section     1024  startup_stm32f4xx.o(STACK)
    Stack_Mem                                0x20000588   Data        1024  startup_stm32f4xx.o(STACK)
    __initial_sp                             0x20000988   Data           0  startup_stm32f4xx.o(STACK)

    Global Symbols

    Symbol Name                              Value     Ov Type        Size  Object(Section)

    BuildAttributes$$THM_ISAv4$E$P$D$K$B$S$7EM$VFPi3$EXTD16$VFPS$VFMA$PE$A:L22UL41UL21$X:L11$S22US41US21$IEEE1$IW$USESV6$~STKCKD$USESV7$~SHL$OTIME$ROPI$IEEEJ$EBA8$UX$STANDARDLIB$REQ8$PRES8$EABIv2 0x00000000   Number         0  anon$$obj.o ABSOLUTE
    __ARM_use_no_argv                        0x00000000   Number         0  main.o ABSOLUTE
    _printf_flags                            0x00000000   Number         0  printf_stubs.o ABSOLUTE
    _printf_return_value                     0x00000000   Number         0  printf_stubs.o ABSOLUTE
    _printf_sizespec                         0x00000000   Number         0  printf_stubs.o ABSOLUTE
    _printf_widthprec                        0x00000000   Number         0  printf_stubs.o ABSOLUTE
    __ARM_exceptions_init                     - Undefined Weak Reference
    __alloca_initialize                       - Undefined Weak Reference
    __cpp_initialize__aeabi_                  - Undefined Weak Reference
    __cxa_finalize                            - Undefined Weak Reference
    __sigvec_lookup                           - Undefined Weak Reference
    __user_heap_extent                        - Undefined Weak Reference
    _atexit_init                              - Undefined Weak Reference
    _call_atexit_fns                          - Undefined Weak Reference
    _clock_init                               - Undefined Weak Reference
    _fp_trap_init                             - Undefined Weak Reference
    _fp_trap_shutdown                         - Undefined Weak Reference
    _get_lc_collate                           - Undefined Weak Reference
    _get_lc_ctype                             - Undefined Weak Reference
    _get_lc_monetary                          - Undefined Weak Reference
    _get_lc_time                              - Undefined Weak Reference
    _getenv_init                              - Undefined Weak Reference
    _handle_redirection                       - Undefined Weak Reference
    _initio                                   - Undefined Weak Reference
    _mutex_acquire                            - Undefined Weak Reference
    _mutex_free                               - Undefined Weak Reference
    _mutex_release                            - Undefined Weak Reference
    _printf_post_padding                      - Undefined Weak Reference
    _printf_pre_padding                       - Undefined Weak Reference
    _printf_truncate_signed                   - Undefined Weak Reference
    _printf_truncate_unsigned                 - Undefined Weak Reference
    _rand_init                                - Undefined Weak Reference
    _signal_finish                            - Undefined Weak Reference
    _signal_init                              - Undefined Weak Reference
    _terminateio                              - Undefined Weak Reference
    __Vectors_Size                           0x00000188   Number         0  startup_stm32f4xx.o ABSOLUTE
    __Vectors                                0x08000000   Data           4  startup_stm32f4xx.o(RESET)
    __Vectors_End                            0x08000188   Data           0  startup_stm32f4xx.o(RESET)
    __main                                   0x08000189   Thumb Code     8  __main.o(!!!main)
    __scatterload                            0x08000191   Thumb Code     0  __scatter.o(!!!scatter)
    __scatterload_rt2                        0x08000191   Thumb Code    44  __scatter.o(!!!scatter)
    __scatterload_rt2_thumb_only             0x08000191   Thumb Code     0  __scatter.o(!!!scatter)
    __scatterload_null                       0x0800019f   Thumb Code     0  __scatter.o(!!!scatter)
    __scatterload_copy                       0x080001c5   Thumb Code    26  __scatter_copy.o(!!handler_copy)
    __scatterload_zeroinit                   0x080001e1   Thumb Code    28  __scatter_zi.o(!!handler_zi)
    _printf_f                                0x080001fd   Thumb Code     0  _printf_f.o(.ARM.Collect$$_printf_percent$$00000003)
    _printf_percent                          0x080001fd   Thumb Code     0  _printf_percent.o(.ARM.Collect$$_printf_percent$$00000000)
    _printf_u                                0x08000203   Thumb Code     0  _printf_u.o(.ARM.Collect$$_printf_percent$$0000000A)
    _printf_percent_end                      0x08000209   Thumb Code     0  _printf_percent_end.o(.ARM.Collect$$_printf_percent$$00000017)
    __rt_lib_init                            0x0800020d   Thumb Code     0  libinit.o(.ARM.Collect$$libinit$$00000000)
    __rt_lib_init_fp_1                       0x0800020f   Thumb Code     0  libinit2.o(.ARM.Collect$$libinit$$00000001)
    __rt_lib_init_heap_2                     0x08000213   Thumb Code     0  libinit2.o(.ARM.Collect$$libinit$$00000003)
    __rt_lib_init_heap_1                     0x0800021b   Thumb Code     0  libinit2.o(.ARM.Collect$$libinit$$00000008)
    __rt_lib_init_lc_common                  0x0800021b   Thumb Code     0  libinit2.o(.ARM.Collect$$libinit$$0000000D)
    __rt_lib_init_rand_1                     0x0800021b   Thumb Code     0  libinit2.o(.ARM.Collect$$libinit$$0000000C)
    __rt_lib_init_user_alloc_1               0x0800021b   Thumb Code     0  libinit2.o(.ARM.Collect$$libinit$$0000000A)
    __rt_lib_init_lc_collate_1               0x08000221   Thumb Code     0  libinit2.o(.ARM.Collect$$libinit$$0000000F)
    __rt_lib_init_lc_ctype_1                 0x08000221   Thumb Code     0  libinit2.o(.ARM.Collect$$libinit$$00000011)
    __rt_lib_init_lc_monetary_1              0x08000221   Thumb Code     0  libinit2.o(.ARM.Collect$$libinit$$00000013)
    __rt_lib_init_lc_numeric_2               0x08000221   Thumb Code     0  libinit2.o(.ARM.Collect$$libinit$$00000014)
    __rt_lib_init_alloca_1                   0x0800022b   Thumb Code     0  libinit2.o(.ARM.Collect$$libinit$$0000002C)
    __rt_lib_init_argv_1                     0x0800022b   Thumb Code     0  libinit2.o(.ARM.Collect$$libinit$$0000002A)
    __rt_lib_init_atexit_1                   0x0800022b   Thumb Code     0  libinit2.o(.ARM.Collect$$libinit$$00000019)
    __rt_lib_init_clock_1                    0x0800022b   Thumb Code     0  libinit2.o(.ARM.Collect$$libinit$$0000001F)
    __rt_lib_init_cpp_1                      0x0800022b   Thumb Code     0  libinit2.o(.ARM.Collect$$libinit$$00000030)
    __rt_lib_init_exceptions_1               0x0800022b   Thumb Code     0  libinit2.o(.ARM.Collect$$libinit$$0000002E)
    __rt_lib_init_fp_trap_1                  0x0800022b   Thumb Code     0  libinit2.o(.ARM.Collect$$libinit$$0000001D)
    __rt_lib_init_getenv_1                   0x0800022b   Thumb Code     0  libinit2.o(.ARM.Collect$$libinit$$00000021)
    __rt_lib_init_lc_numeric_1               0x0800022b   Thumb Code     0  libinit2.o(.ARM.Collect$$libinit$$00000015)
    __rt_lib_init_lc_time_1                  0x0800022b   Thumb Code     0  libinit2.o(.ARM.Collect$$libinit$$00000017)
    __rt_lib_init_return                     0x0800022b   Thumb Code     0  libinit2.o(.ARM.Collect$$libinit$$00000031)
    __rt_lib_init_signal_1                   0x0800022b   Thumb Code     0  libinit2.o(.ARM.Collect$$libinit$$0000001B)
    __rt_lib_init_stdio_1                    0x0800022b   Thumb Code     0  libinit2.o(.ARM.Collect$$libinit$$00000023)
    __rt_lib_shutdown                        0x0800022d   Thumb Code     0  libshutdown.o(.ARM.Collect$$libshutdown$$00000000)
    __rt_lib_shutdown_fp_trap_1              0x0800022f   Thumb Code     0  libshutdown2.o(.ARM.Collect$$libshutdown$$00000006)
    __rt_lib_shutdown_heap_1                 0x0800022f   Thumb Code     0  libshutdown2.o(.ARM.Collect$$libshutdown$$0000000E)
    __rt_lib_shutdown_return                 0x0800022f   Thumb Code     0  libshutdown2.o(.ARM.Collect$$libshutdown$$0000000F)
    __rt_lib_shutdown_signal_1               0x0800022f   Thumb Code     0  libshutdown2.o(.ARM.Collect$$libshutdown$$00000009)
    __rt_lib_shutdown_stdio_1                0x0800022f   Thumb Code     0  libshutdown2.o(.ARM.Collect$$libshutdown$$00000003)
    __rt_lib_shutdown_user_alloc_1           0x0800022f   Thumb Code     0  libshutdown2.o(.ARM.Collect$$libshutdown$$0000000B)
    __rt_entry                               0x08000231   Thumb Code     0  rtentry.o(.ARM.Collect$$rtentry$$00000000)
    __rt_entry_presh_1                       0x08000231   Thumb Code     0  rtentry2.o(.ARM.Collect$$rtentry$$00000002)
    __rt_entry_sh                            0x08000231   Thumb Code     0  rtentry4.o(.ARM.Collect$$rtentry$$00000004)
    __rt_entry_li                            0x08000237   Thumb Code     0  rtentry2.o(.ARM.Collect$$rtentry$$0000000A)
    __rt_entry_postsh_1                      0x08000237   Thumb Code     0  rtentry2.o(.ARM.Collect$$rtentry$$00000009)
    __rt_entry_main                          0x0800023b   Thumb Code     0  rtentry2.o(.ARM.Collect$$rtentry$$0000000D)
    __rt_entry_postli_1                      0x0800023b   Thumb Code     0  rtentry2.o(.ARM.Collect$$rtentry$$0000000C)
    __rt_exit                                0x08000243   Thumb Code     0  rtexit.o(.ARM.Collect$$rtexit$$00000000)
    __rt_exit_ls                             0x08000245   Thumb Code     0  rtexit2.o(.ARM.Collect$$rtexit$$00000003)
    __rt_exit_prels_1                        0x08000245   Thumb Code     0  rtexit2.o(.ARM.Collect$$rtexit$$00000002)
    __rt_exit_exit                           0x08000249   Thumb Code     0  rtexit2.o(.ARM.Collect$$rtexit$$00000004)
    _maybe_terminate_alloc                   0x08000251   Thumb Code     0  maybetermalloc1.o(.emb_text)
    SystemInit                               0x0800032d   Thumb Code    88  system_stm32f4xx.o(.text)
    SystemCoreClockUpdate                    0x08000385   Thumb Code   174  system_stm32f4xx.o(.text)
    Reset_Handler                            0x08000461   Thumb Code     8  startup_stm32f4xx.o(.text)
    NMI_Handler                              0x08000469   Thumb Code     2  startup_stm32f4xx.o(.text)
    HardFault_Handler                        0x0800046b   Thumb Code     2  startup_stm32f4xx.o(.text)
    MemManage_Handler                        0x0800046d   Thumb Code     2  startup_stm32f4xx.o(.text)
    BusFault_Handler                         0x0800046f   Thumb Code     2  startup_stm32f4xx.o(.text)
    UsageFault_Handler                       0x08000471   Thumb Code     2  startup_stm32f4xx.o(.text)
    SVC_Handler                              0x08000473   Thumb Code     2  startup_stm32f4xx.o(.text)
    DebugMon_Handler                         0x08000475   Thumb Code     2  startup_stm32f4xx.o(.text)
    PendSV_Handler                           0x08000477   Thumb Code     2  startup_stm32f4xx.o(.text)
    SysTick_Handler                          0x08000479   Thumb Code     2  startup_stm32f4xx.o(.text)
    ADC_IRQHandler                           0x0800047b   Thumb Code     0  startup_stm32f4xx.o(.text)
    CAN1_RX0_IRQHandler                      0x0800047b   Thumb Code     0  startup_stm32f4xx.o(.text)
    CAN1_RX1_IRQHandler                      0x0800047b   Thumb Code     0  startup_stm32f4xx.o(.text)
    CAN1_SCE_IRQHandler                      0x0800047b   Thumb Code     0  startup_stm32f4xx.o(.text)
    CAN1_TX_IRQHandler                       0x0800047b   Thumb Code     0  startup_stm32f4xx.o(.text)
    CAN2_RX0_IRQHandler                      0x0800047b   Thumb Code     0  startup_stm32f4xx.o(.text)
    CAN2_RX1_IRQHandler                      0x0800047b   Thumb Code     0  startup_stm32f4xx.o(.text)
    CAN2_SCE_IRQHandler                      0x0800047b   Thumb Code     0  startup_stm32f4xx.o(.text)
    CAN2_TX_IRQHandler                       0x0800047b   Thumb Code     0  startup_stm32f4xx.o(.text)
    CRYP_IRQHandler                          0x0800047b   Thumb Code     0  startup_stm32f4xx.o(.text)
    DCMI_IRQHandler                          0x0800047b   Thumb Code     0  startup_stm32f4xx.o(.text)
    DMA1_Stream0_IRQHandler                  0x0800047b   Thumb Code     0  startup_stm32f4xx.o(.text)
    DMA1_Stream1_IRQHandler                  0x0800047b   Thumb Code     0  startup_stm32f4xx.o(.text)
    DMA1_Stream2_IRQHandler                  0x0800047b   Thumb Code     0  startup_stm32f4xx.o(.text)
    DMA1_Stream3_IRQHandler                  0x0800047b   Thumb Code     0  startup_stm32f4xx.o(.text)
    DMA1_Stream4_IRQHandler                  0x0800047b   Thumb Code     0  startup_stm32f4xx.o(.text)
    DMA1_Stream5_IRQHandler                  0x0800047b   Thumb Code     0  startup_stm32f4xx.o(.text)
    DMA1_Stream6_IRQHandler                  0x0800047b   Thumb Code     0  startup_stm32f4xx.o(.text)
    DMA1_Stream7_IRQHandler                  0x0800047b   Thumb Code     0  startup_stm32f4xx.o(.text)
    DMA2_Stream0_IRQHandler                  0x0800047b   Thumb Code     0  startup_stm32f4xx.o(.text)
    DMA2_Stream1_IRQHandler                  0x0800047b   Thumb Code     0  startup_stm32f4xx.o(.text)
    DMA2_Stream2_IRQHandler                  0x0800047b   Thumb Code     0  startup_stm32f4xx.o(.text)
    DMA2_Stream3_IRQHandler                  0x0800047b   Thumb Code     0  startup_stm32f4xx.o(.text)
    DMA2_Stream4_IRQHandler                  0x0800047b   Thumb Code     0  startup_stm32f4xx.o(.text)
    DMA2_Stream5_IRQHandler                  0x0800047b   Thumb Code     0  startup_stm32f4xx.o(.text)
    DMA2_Stream6_IRQHandler                  0x0800047b   Thumb Code     0  startup_stm32f4xx.o(.text)
    DMA2_Stream7_IRQHandler                  0x0800047b   Thumb Code     0  startup_stm32f4xx.o(.text)
    ETH_IRQHandler                           0x0800047b   Thumb Code     0  startup_stm32f4xx.o(.text)
    ETH_WKUP_IRQHandler                      0x0800047b   Thumb Code     0  startup_stm32f4xx.o(.text)
    EXTI0_IRQHandler                         0x0800047b   Thumb Code     0  startup_stm32f4xx.o(.text)
    EXTI15_10_IRQHandler                     0x0800047b   Thumb Code     0  startup_stm32f4xx.o(.text)
    EXTI1_IRQHandler                         0x0800047b   Thumb Code     0  startup_stm32f4xx.o(.text)
    EXTI2_IRQHandler                         0x0800047b   Thumb Code     0  startup_stm32f4xx.o(.text)
    EXTI3_IRQHandler                         0x0800047b   Thumb Code     0  startup_stm32f4xx.o(.text)
    EXTI4_IRQHandler                         0x0800047b   Thumb Code     0  startup_stm32f4xx.o(.text)
    EXTI9_5_IRQHandler                       0x0800047b   Thumb Code     0  startup_stm32f4xx.o(.text)
    FLASH_IRQHandler                         0x0800047b   Thumb Code     0  startup_stm32f4xx.o(.text)
    FPU_IRQHandler                           0x0800047b   Thumb Code     0  startup_stm32f4xx.o(.text)
    FSMC_IRQHandler                          0x0800047b   Thumb Code     0  startup_stm32f4xx.o(.text)
    HASH_RNG_IRQHandler                      0x0800047b   Thumb Code     0  startup_stm32f4xx.o(.text)
    I2C2_ER_IRQHandler                       0x0800047b   Thumb Code     0  startup_stm32f4xx.o(.text)
    I2C2_EV_IRQHandler                       0x0800047b   Thumb Code     0  startup_stm32f4xx.o(.text)
    I2C3_ER_IRQHandler                       0x0800047b   Thumb Code     0  startup_stm32f4xx.o(.text)
    I2C3_EV_IRQHandler                       0x0800047b   Thumb Code     0  startup_stm32f4xx.o(.text)
    OTG_FS_IRQHandler                        0x0800047b   Thumb Code     0  startup_stm32f4xx.o(.text)
    OTG_FS_WKUP_IRQHandler                   0x0800047b   Thumb Code     0  startup_stm32f4xx.o(.text)
    OTG_HS_EP1_IN_IRQHandler                 0x0800047b   Thumb Code     0  startup_stm32f4xx.o(.text)
    OTG_HS_EP1_OUT_IRQHandler                0x0800047b   Thumb Code     0  startup_stm32f4xx.o(.text)
    OTG_HS_IRQHandler                        0x0800047b   Thumb Code     0  startup_stm32f4xx.o(.text)
    OTG_HS_WKUP_IRQHandler                   0x0800047b   Thumb Code     0  startup_stm32f4xx.o(.text)
    PVD_IRQHandler                           0x0800047b   Thumb Code     0  startup_stm32f4xx.o(.text)
    RCC_IRQHandler                           0x0800047b   Thumb Code     0  startup_stm32f4xx.o(.text)
    RTC_Alarm_IRQHandler                     0x0800047b   Thumb Code     0  startup_stm32f4xx.o(.text)
    RTC_WKUP_IRQHandler                      0x0800047b   Thumb Code     0  startup_stm32f4xx.o(.text)
    SDIO_IRQHandler                          0x0800047b   Thumb Code     0  startup_stm32f4xx.o(.text)
    SPI1_IRQHandler                          0x0800047b   Thumb Code     0  startup_stm32f4xx.o(.text)
    SPI2_IRQHandler                          0x0800047b   Thumb Code     0  startup_stm32f4xx.o(.text)
    SPI3_IRQHandler                          0x0800047b   Thumb Code     0  startup_stm32f4xx.o(.text)
    TAMP_STAMP_IRQHandler                    0x0800047b   Thumb Code     0  startup_stm32f4xx.o(.text)
    TIM1_BRK_TIM9_IRQHandler                 0x0800047b   Thumb Code     0  startup_stm32f4xx.o(.text)
    TIM1_CC_IRQHandler                       0x0800047b   Thumb Code     0  startup_stm32f4xx.o(.text)
    TIM1_TRG_COM_TIM11_IRQHandler            0x0800047b   Thumb Code     0  startup_stm32f4xx.o(.text)
    TIM1_UP_TIM10_IRQHandler                 0x0800047b   Thumb Code     0  startup_stm32f4xx.o(.text)
    TIM2_IRQHandler                          0x0800047b   Thumb Code     0  startup_stm32f4xx.o(.text)
    TIM3_IRQHandler                          0x0800047b   Thumb Code     0  startup_stm32f4xx.o(.text)
    TIM4_IRQHandler                          0x0800047b   Thumb Code     0  startup_stm32f4xx.o(.text)
    TIM5_IRQHandler                          0x0800047b   Thumb Code     0  startup_stm32f4xx.o(.text)
    TIM8_BRK_TIM12_IRQHandler                0x0800047b   Thumb Code     0  startup_stm32f4xx.o(.text)
    TIM8_CC_IRQHandler                       0x0800047b   Thumb Code     0  startup_stm32f4xx.o(.text)
    TIM8_TRG_COM_TIM14_IRQHandler            0x0800047b   Thumb Code     0  startup_stm32f4xx.o(.text)
    TIM8_UP_TIM13_IRQHandler                 0x0800047b   Thumb Code     0  startup_stm32f4xx.o(.text)
    UART4_IRQHandler                         0x0800047b   Thumb Code     0  startup_stm32f4xx.o(.text)
    UART5_IRQHandler                         0x0800047b   Thumb Code     0  startup_stm32f4xx.o(.text)
    USART1_IRQHandler                        0x0800047b   Thumb Code     0  startup_stm32f4xx.o(.text)
    USART2_IRQHandler                        0x0800047b   Thumb Code     0  startup_stm32f4xx.o(.text)
    USART6_IRQHandler                        0x0800047b   Thumb Code     0  startup_stm32f4xx.o(.text)
    WWDG_IRQHandler                          0x0800047b   Thumb Code     0  startup_stm32f4xx.o(.text)
    __user_initial_stackheap                 0x0800047d   Thumb Code     0  startup_stm32f4xx.o(.text)
    IncrementIndex                           0x080004a1   Thumb Code    20  buffer.o(.text)
    Buffer_Push                              0x080004b5   Thumb Code    94  buffer.o(.text)
    Buffer_Pop                               0x08000513   Thumb Code    84  buffer.o(.text)
    Buffer_Init                              0x08000567   Thumb Code    26  buffer.o(.text)
    ClockControl_Initialize                  0x08000581   Thumb Code   306  clockcontrol.o(.text)
    I2C_Begin                                0x080006c1   Thumb Code   184  i2c.o(.text)
    I2C_OperationComplete_Attach             0x08000779   Thumb Code    70  i2c.o(.text)
    I2C_StartOperation                       0x080007bf   Thumb Code   148  i2c.o(.text)
    I2C_SetOpDescription                     0x08000853   Thumb Code    14  i2c.o(.text)
    I2C_ReceiveRegisterNotEmpty              0x08000861   Thumb Code   122  i2c.o(.text)
    I2C_TransmitRegisterEmpty                0x080008db   Thumb Code   108  i2c.o(.text)
    I2C_OperateReceiver                      0x08000947   Thumb Code    26  i2c.o(.text)
    I2C_OperateTransmitter                   0x08000961   Thumb Code    24  i2c.o(.text)
    I2C_SendAddress                          0x08000979   Thumb Code    28  i2c.o(.text)
    I2C1_EV_IRQHandler                       0x08000995   Thumb Code   126  i2c.o(.text)
    I2C1_ER_IRQHandler                       0x08000a13   Thumb Code   124  i2c.o(.text)
    begin_wire                               0x08000ab5   Thumb Code    28  main.o(.text)
    start_operation                          0x08000ad1   Thumb Code    26  main.o(.text)
    toggle_led                               0x08000aeb   Thumb Code    46  main.o(.text)
    init_all                                 0x08000b19   Thumb Code    94  main.o(.text)
    main                                     0x08000b77   Thumb Code     8  main.o(.text)
    delay                                    0x08000b7f   Thumb Code    12  main.o(.text)
    send_message                             0x08000b8b   Thumb Code    10  main.o(.text)
    byte_received_handler                    0x08000ba5   Thumb Code    46  messenger.o(.text)
    Messenger_Initialize                     0x08000bd3   Thumb Code    30  messenger.o(.text)
    Messenger_SendByte                       0x08000bf1   Thumb Code    62  messenger.o(.text)
    Messenger_SendWord                       0x08000c2f   Thumb Code    62  messenger.o(.text)
    Messenger_SendDWord                      0x08000c6d   Thumb Code    50  messenger.o(.text)
    gyro_calibrate                           0x08000cb5   Thumb Code   148  mpu6050.o(.text)
    gyro_check_renew_state                   0x08000d49   Thumb Code   102  mpu6050.o(.text)
    set_gyro_val                             0x08000daf   Thumb Code   118  mpu6050.o(.text)
    add_gyro_val                             0x08000e25   Thumb Code    68  mpu6050.o(.text)
    accel_calibrate                          0x08000e69   Thumb Code   152  mpu6050.o(.text)
    accel_check_renew_state                  0x08000f01   Thumb Code   102  mpu6050.o(.text)
    set_accel_val                            0x08000f67   Thumb Code   108  mpu6050.o(.text)
    add_accel_val                            0x08000fd3   Thumb Code    68  mpu6050.o(.text)
    MPU6050_ProcessOperationResult           0x08001017   Thumb Code   280  mpu6050.o(.text)
    MPU6050_GetNextRegOperation              0x0800112f   Thumb Code   362  mpu6050.o(.text)
    MPU6050_GetNextInitOperation             0x08001299   Thumb Code  1284  mpu6050.o(.text)
    MPU6050_Initialize                       0x0800179d   Thumb Code    46  mpu6050.o(.text)
    MPU6050_attach_accel_handler             0x080017cb   Thumb Code    86  mpu6050.o(.text)
    MPU6050_attach_gyro_handler              0x08001821   Thumb Code    86  mpu6050.o(.text)
    Serial_OutBufOver_Detach                 0x08001881   Thumb Code    26  serial.o(.text)
    Serial_InpBufOver_Detach                 0x0800189b   Thumb Code    26  serial.o(.text)
    Serial_VariableReceived_Detach           0x080018b5   Thumb Code    26  serial.o(.text)
    Serial_ByteReceived_Detach               0x080018cf   Thumb Code    26  serial.o(.text)
    RXNE_Handler                             0x080018e9   Thumb Code    36  serial.o(.text)
    TXE_Handler                              0x0800190d   Thumb Code    36  serial.o(.text)
    TC_Handler                               0x08001931   Thumb Code    52  serial.o(.text)
    SerialInit                               0x08001965   Thumb Code   106  serial.o(.text)
    Serial_Begin                             0x080019cf   Thumb Code    16  serial.o(.text)
    Serial_BeginConfigured                   0x080019df   Thumb Code    20  serial.o(.text)
    Serial_End                               0x080019f3   Thumb Code    28  serial.o(.text)
    RunTransmission                          0x08001a0f   Thumb Code    34  serial.o(.text)
    Serial_WriteByte                         0x08001a31   Thumb Code    48  serial.o(.text)
    Serial_WriteLine                         0x08001a61   Thumb Code    62  serial.o(.text)
    Serial_WriteInt32AsString                0x08001a9f   Thumb Code    52  serial.o(.text)
    Serial_WriteInt16AsString                0x08001ad3   Thumb Code    52  serial.o(.text)
    Serial_WriteInt8AsString                 0x08001b07   Thumb Code    52  serial.o(.text)
    Serial_WriteFloatAsString                0x08001b3b   Thumb Code    76  serial.o(.text)
    Serial_WriteInt32                        0x08001b87   Thumb Code    66  serial.o(.text)
    Serial_WriteInt16                        0x08001bc9   Thumb Code    68  serial.o(.text)
    Serial_WriteFloat                        0x08001c0d   Thumb Code    76  serial.o(.text)
    Serial_SetReceivePattern                 0x08001c59   Thumb Code    66  serial.o(.text)
    Serial_ByteReceived_Attach               0x08001c9b   Thumb Code    88  serial.o(.text)
    Serial_VariableReceived_Attach           0x08001cf3   Thumb Code    88  serial.o(.text)
    Serial_InpBufOver_Attach                 0x08001d4b   Thumb Code    88  serial.o(.text)
    Serial_OutBufOver_Attach                 0x08001da3   Thumb Code    88  serial.o(.text)
    Timer_init                               0x08001e01   Thumb Code    74  timer.o(.text)
    Timer_start                              0x08001e4b   Thumb Code   144  timer.o(.text)
    TIM6_DAC_IRQHandler                      0x08001edb   Thumb Code    62  timer.o(.text)
    TIM7_IRQHandler                          0x08001f19   Thumb Code    74  timer.o(.text)
    USART_SetupBasic                         0x08001f91   Thumb Code   326  usart.o(.text)
    USART_Begin                              0x080020d7   Thumb Code    28  usart.o(.text)
    USART_BeginConfigured                    0x080020f3   Thumb Code   238  usart.o(.text)
    USART_End                                0x080021e1   Thumb Code    44  usart.o(.text)
    USART_WriteByte                          0x0800220d   Thumb Code     8  usart.o(.text)
    USART_ByteReceived_Attach                0x08002215   Thumb Code    70  usart.o(.text)
    USART_ByteReceived_Detach                0x0800225b   Thumb Code    20  usart.o(.text)
    USART_TransRegEmpty_Attach               0x0800226f   Thumb Code    70  usart.o(.text)
    USART_TransRegEmpty_Detach               0x080022b5   Thumb Code    20  usart.o(.text)
    USART_TransComplete_Attach               0x080022c9   Thumb Code    70  usart.o(.text)
    USART_TransComplete_Detach               0x0800230f   Thumb Code    20  usart.o(.text)
    USART_InitStructure                      0x08002323   Thumb Code    52  usart.o(.text)
    USART_EnableInterrupts                   0x08002357   Thumb Code   136  usart.o(.text)
    USART_DisableInterrupts                  0x080023df   Thumb Code    74  usart.o(.text)
    USART3_IRQHandler                        0x08002429   Thumb Code   170  usart.o(.text)
    Wire_AttachDevice                        0x080024dd   Thumb Code    70  wire.o(.text)
    OperationCompleteHandler                 0x08002523   Thumb Code   166  wire.o(.text)
    Wire_Initialize                          0x080025c9   Thumb Code    30  wire.o(.text)
    Wire_InitDevices                         0x080025e7   Thumb Code   104  wire.o(.text)
    Wire_BeginCycle                          0x0800264f   Thumb Code    92  wire.o(.text)
    gyro_received_callback                   0x080026b1   Thumb Code    16  sensors_fusion.o(.text)
    accel_received_callback                  0x080026c1   Thumb Code    16  sensors_fusion.o(.text)
    sensors_fusion_init                      0x080026d1   Thumb Code    20  sensors_fusion.o(.text)
    calloc                                   0x080026e5   Thumb Code    40  calloc.o(.text)
    malloc                                   0x0800270d   Thumb Code    94  h1_alloc.o(.text)
    free                                     0x0800276b   Thumb Code    78  h1_free.o(.text)
    realloc                                  0x080027b9   Thumb Code   184  h1_realloc.o(.text)
    __2sprintf                               0x08002871   Thumb Code    38  __2sprintf.o(.text)
    __printf                                 0x0800289d   Thumb Code   104  __printf.o(.text)
    _printf_int_dec                          0x08002905   Thumb Code   100  _printf_dec.o(.text)
    strlen                                   0x08002979   Thumb Code    62  strlen.o(.text)
    strncmp                                  0x080029b7   Thumb Code   150  strncmp.o(.text)
    __use_two_region_memory                  0x08002a4d   Thumb Code     2  heapauxi.o(.text)
    __rt_heap_escrow                         0x08002a4f   Thumb Code     2  heapauxi.o(.text)
    __rt_heap_expand                         0x08002a51   Thumb Code     2  heapauxi.o(.text)
    __rt_heap_descriptor                     0x08002a55   Thumb Code     8  rt_heap_descriptor_intlibspace.o(.text)
    __use_no_heap                            0x08002a5d   Thumb Code     2  hguard.o(.text)
    __heap$guard                             0x08002a5f   Thumb Code     2  hguard.o(.text)
    _terminate_user_alloc                    0x08002a61   Thumb Code     2  init_alloc.o(.text)
    _init_user_alloc                         0x08002a63   Thumb Code     2  init_alloc.o(.text)
    __Heap_Full                              0x08002a65   Thumb Code    34  init_alloc.o(.text)
    __Heap_Broken                            0x08002a87   Thumb Code     6  init_alloc.o(.text)
    _init_alloc                              0x08002a8d   Thumb Code    94  init_alloc.o(.text)
    __Heap_Initialize                        0x08002aeb   Thumb Code    10  h1_init.o(.text)
    __Heap_DescSize                          0x08002af5   Thumb Code     4  h1_init.o(.text)
    _printf_int_common                       0x08002af9   Thumb Code   178  _printf_intcommon.o(.text)
    __lib_sel_fp_printf                      0x08002bab   Thumb Code     2  _printf_fp_dec.o(.text)
    _printf_fp_dec_real                      0x08002d59   Thumb Code   616  _printf_fp_dec.o(.text)
    _printf_char_common                      0x08002fcb   Thumb Code    32  _printf_char_common.o(.text)
    _sputc                                   0x08002ff1   Thumb Code    10  _sputc.o(.text)
    __aeabi_memcpy4                          0x08002ffb   Thumb Code     0  rt_memcpy_w.o(.text)
    __aeabi_memcpy8                          0x08002ffb   Thumb Code     0  rt_memcpy_w.o(.text)
    __rt_memcpy_w                            0x08002ffb   Thumb Code   100  rt_memcpy_w.o(.text)
    _memcpy_lastbytes_aligned                0x08003043   Thumb Code     0  rt_memcpy_w.o(.text)
    __aeabi_memclr                           0x0800305f   Thumb Code     0  rt_memclr.o(.text)
    __rt_memclr                              0x0800305f   Thumb Code    68  rt_memclr.o(.text)
    _memset                                  0x08003063   Thumb Code     0  rt_memclr.o(.text)
    __user_libspace                          0x080030a5   Thumb Code     8  libspace.o(.text)
    __user_perproc_libspace                  0x080030a5   Thumb Code     0  libspace.o(.text)
    __user_perthread_libspace                0x080030a5   Thumb Code     0  libspace.o(.text)
    __rt_locale                              0x080030ad   Thumb Code     8  rt_locale_intlibspace.o(.text)
    __Heap_ProvideMemory                     0x080030b5   Thumb Code    52  h1_extend.o(.text)
    _ll_udiv10                               0x080030e9   Thumb Code   138  lludiv10.o(.text)
    _printf_fp_infnan                        0x08003175   Thumb Code   112  _printf_fp_infnan.o(.text)
    _btod_etento                             0x080031f5   Thumb Code   212  bigflt0.o(.text)
    __rt_SIGRTMEM                            0x080032cd   Thumb Code    14  defsig_rtmem_outer.o(.text)
    __aeabi_memclr4                          0x080032db   Thumb Code     0  rt_memclr_w.o(.text)
    __aeabi_memclr8                          0x080032db   Thumb Code     0  rt_memclr_w.o(.text)
    __rt_memclr_w                            0x080032db   Thumb Code    78  rt_memclr_w.o(.text)
    _memset_w                                0x080032df   Thumb Code     0  rt_memclr_w.o(.text)
    __I$use$semihosting                      0x08003329   Thumb Code     0  use_no_semi.o(.text)
    __use_no_semihosting_swi                 0x08003329   Thumb Code     2  use_no_semi.o(.text)
    __semihosting_library_function           0x0800332b   Thumb Code     0  indicate_semi.o(.text)
    __user_setup_stackheap                   0x0800332b   Thumb Code    74  sys_stackheap_outer.o(.text)
    exit                                     0x08003375   Thumb Code    12  exit.o(.text)
    __sig_exit                               0x08003381   Thumb Code    10  defsig_exit.o(.text)
    __rt_SIGRTMEM_inner                      0x0800338d   Thumb Code    22  defsig_rtmem_inner.o(.text)
    strcmp                                   0x080033dd   Thumb Code   128  strcmpv7m.o(.text)
    _sys_exit                                0x0800345d   Thumb Code     8  sys_exit.o(.text)
    __default_signal_display                 0x08003469   Thumb Code    50  defsig_general.o(.text)
    _ttywrch                                 0x0800349b   Thumb Code    14  sys_wrch.o(.text)
    _btod_d2e                                0x080034a9   Thumb Code    62  btod.o(CL$$btod_d2e)
    _d2e_denorm_low                          0x080034e7   Thumb Code    70  btod.o(CL$$btod_d2e_denorm_low)
    _d2e_norm_op1                            0x0800352d   Thumb Code    96  btod.o(CL$$btod_d2e_norm_op1)
    __btod_div_common                        0x0800358d   Thumb Code   696  btod.o(CL$$btod_div_common)
    _e2e                                     0x080038c5   Thumb Code   198  btod.o(CL$$btod_e2e)
    _btod_ediv                               0x0800398b   Thumb Code    40  btod.o(CL$$btod_ediv)
    _btod_emul                               0x080039b3   Thumb Code    40  btod.o(CL$$btod_emul)
    __btod_mult_common                       0x080039db   Thumb Code   580  btod.o(CL$$btod_mult_common)
    __ARM_fpclassify                         0x08003c1f   Thumb Code    48  fpclassify.o(i.__ARM_fpclassify)
    __hardfp_floor                           0x08003c51   Thumb Code   252  floor.o(i.__hardfp_floor)
    _get_lc_numeric                          0x08003d69   Thumb Code    44  lc_numeric_c.o(locale$$code)
    __aeabi_dadd                             0x08003d95   Thumb Code     0  daddsub_clz.o(x$fpl$dadd)
    _dadd                                    0x08003d95   Thumb Code   332  daddsub_clz.o(x$fpl$dadd)
    __fpl_dcmp_Inf                           0x08003ee5   Thumb Code    24  dcmpi.o(x$fpl$dcmpinf)
    __aeabi_ddiv                             0x08003efd   Thumb Code     0  ddiv.o(x$fpl$ddiv)
    _ddiv                                    0x08003efd   Thumb Code   552  ddiv.o(x$fpl$ddiv)
    __aeabi_d2iz                             0x080041ad   Thumb Code     0  dfix.o(x$fpl$dfix)
    _dfix                                    0x080041ad   Thumb Code    94  dfix.o(x$fpl$dfix)
    __aeabi_cdcmple                          0x0800420d   Thumb Code     0  dleqf.o(x$fpl$dleqf)
    _dcmple                                  0x0800420d   Thumb Code   120  dleqf.o(x$fpl$dleqf)
    __fpl_dcmple_InfNaN                      0x0800426f   Thumb Code     0  dleqf.o(x$fpl$dleqf)
    __fpl_dnaninf                            0x08004285   Thumb Code   156  dnaninf.o(x$fpl$dnaninf)
    __fpl_dretinf                            0x08004321   Thumb Code    12  dretinf.o(x$fpl$dretinf)
    __aeabi_cdrcmple                         0x0800432d   Thumb Code     0  drleqf.o(x$fpl$drleqf)
    _drcmple                                 0x0800432d   Thumb Code   108  drleqf.o(x$fpl$drleqf)
    __aeabi_drsub                            0x08004399   Thumb Code     0  daddsub_clz.o(x$fpl$drsb)
    _drsb                                    0x08004399   Thumb Code    22  daddsub_clz.o(x$fpl$drsb)
    __aeabi_dsub                             0x080043b1   Thumb Code     0  daddsub_clz.o(x$fpl$dsub)
    _dsub                                    0x080043b1   Thumb Code   464  daddsub_clz.o(x$fpl$dsub)
    __aeabi_f2d                              0x08004585   Thumb Code     0  f2d.o(x$fpl$f2d)
    _f2d                                     0x08004585   Thumb Code    86  f2d.o(x$fpl$f2d)
    __fpl_fnaninf                            0x080045db   Thumb Code   140  fnaninf.o(x$fpl$fnaninf)
    _fp_init                                 0x08004667   Thumb Code    10  fpinit.o(x$fpl$fpinit)
    __fplib_config_fpu_vfp                   0x0800466f   Thumb Code     0  fpinit.o(x$fpl$fpinit)
    __fplib_config_pureend_doubles           0x0800466f   Thumb Code     0  fpinit.o(x$fpl$fpinit)
    _printf_fp_dec                           0x08004671   Thumb Code     4  printf1.o(x$fpl$printf1)
    __I$use$fp                               0x08004674   Number         0  usenofp.o(x$fpl$usenofp)
    Region$$Table$$Base                      0x08004708   Number         0  anon$$obj.o(Region$$Table)
    Region$$Table$$Limit                     0x08004728   Number         0  anon$$obj.o(Region$$Table)
    SystemCoreClock                          0x20000000   Data           4  system_stm32f4xx.o(.data)
    AHBPrescTable                            0x20000004   Data          16  system_stm32f4xx.o(.data)
    led_state                                0x20000014   Data           4  main.o(.data)
    are_devs_init                            0x20000018   Data           1  main.o(.data)
    last_bytes                               0x2000001c   Data           5  messenger.o(.data)
    start_op_callback                        0x20000024   Data           4  messenger.o(.data)
    timer6                                   0x20000028   Data           8  timer.o(.data)
    timer7                                   0x20000030   Data           8  timer.o(.data)
    ClockControl                             0x20000038   Data          16  clockcontrol.o(.bss)
    I2C_Operation                            0x20000048   Data          24  i2c.o(.bss)
    MPU6050_Data                             0x20000060   Data          84  mpu6050.o(.bss)
    MPU6050                                  0x200000b4   Data          12  mpu6050.o(.bss)
    Serial                                   0x200000c0   Data         580  serial.o(.bss)
    USART                                    0x20000304   Data          24  usart.o(.bss)
    Wire                                     0x2000031c   Data          12  wire.o(.bss)
    __libspace_start                         0x20000328   Data          96  libspace.o(.bss)
    __temporary_stack_top$libspace           0x20000388   Data           0  libspace.o(.bss)



==============================================================================

Memory Map of the image

  Image Entry point : 0x08000461

  Load Region LR_1 (Base: 0x08000000, Size: 0x0000477c, Max: 0xffffffff, ABSOLUTE)

    Execution Region ER_RO (Base: 0x08000000, Size: 0x00004744, Max: 0xffffffff, ABSOLUTE)

    Base Addr    Size         Type   Attr      Idx    E Section Name        Object

    0x08000000   0x00000188   Data   RO           47    RESET               startup_stm32f4xx.o
    0x08000188   0x00000008   Code   RO          430  * !!!main             c_w.l(__main.o)
    0x08000190   0x00000034   Code   RO          725    !!!scatter          c_w.l(__scatter.o)
    0x080001c4   0x0000001a   Code   RO          727    !!handler_copy      c_w.l(__scatter_copy.o)
    0x080001de   0x00000002   PAD
    0x080001e0   0x0000001c   Code   RO          729    !!handler_zi        c_w.l(__scatter_zi.o)
    0x080001fc   0x00000000   Code   RO          423    .ARM.Collect$$_printf_percent$$00000000  c_w.l(_printf_percent.o)
    0x080001fc   0x00000006   Code   RO          422    .ARM.Collect$$_printf_percent$$00000003  c_w.l(_printf_f.o)
    0x08000202   0x00000006   Code   RO          421    .ARM.Collect$$_printf_percent$$0000000A  c_w.l(_printf_u.o)
    0x08000208   0x00000004   Code   RO          494    .ARM.Collect$$_printf_percent$$00000017  c_w.l(_printf_percent_end.o)
    0x0800020c   0x00000002   Code   RO          665    .ARM.Collect$$libinit$$00000000  c_w.l(libinit.o)
    0x0800020e   0x00000004   Code   RO          501    .ARM.Collect$$libinit$$00000001  c_w.l(libinit2.o)
    0x08000212   0x00000008   Code   RO          503    .ARM.Collect$$libinit$$00000003  c_w.l(libinit2.o)
    0x0800021a   0x00000000   Code   RO          505    .ARM.Collect$$libinit$$00000008  c_w.l(libinit2.o)
    0x0800021a   0x00000000   Code   RO          507    .ARM.Collect$$libinit$$0000000A  c_w.l(libinit2.o)
    0x0800021a   0x00000000   Code   RO          509    .ARM.Collect$$libinit$$0000000C  c_w.l(libinit2.o)
    0x0800021a   0x00000006   Code   RO          510    .ARM.Collect$$libinit$$0000000D  c_w.l(libinit2.o)
    0x08000220   0x00000000   Code   RO          512    .ARM.Collect$$libinit$$0000000F  c_w.l(libinit2.o)
    0x08000220   0x00000000   Code   RO          514    .ARM.Collect$$libinit$$00000011  c_w.l(libinit2.o)
    0x08000220   0x00000000   Code   RO          516    .ARM.Collect$$libinit$$00000013  c_w.l(libinit2.o)
    0x08000220   0x0000000a   Code   RO          517    .ARM.Collect$$libinit$$00000014  c_w.l(libinit2.o)
    0x0800022a   0x00000000   Code   RO          518    .ARM.Collect$$libinit$$00000015  c_w.l(libinit2.o)
    0x0800022a   0x00000000   Code   RO          520    .ARM.Collect$$libinit$$00000017  c_w.l(libinit2.o)
    0x0800022a   0x00000000   Code   RO          522    .ARM.Collect$$libinit$$00000019  c_w.l(libinit2.o)
    0x0800022a   0x00000000   Code   RO          524    .ARM.Collect$$libinit$$0000001B  c_w.l(libinit2.o)
    0x0800022a   0x00000000   Code   RO          526    .ARM.Collect$$libinit$$0000001D  c_w.l(libinit2.o)
    0x0800022a   0x00000000   Code   RO          528    .ARM.Collect$$libinit$$0000001F  c_w.l(libinit2.o)
    0x0800022a   0x00000000   Code   RO          530    .ARM.Collect$$libinit$$00000021  c_w.l(libinit2.o)
    0x0800022a   0x00000000   Code   RO          532    .ARM.Collect$$libinit$$00000023  c_w.l(libinit2.o)
    0x0800022a   0x00000000   Code   RO          536    .ARM.Collect$$libinit$$0000002A  c_w.l(libinit2.o)
    0x0800022a   0x00000000   Code   RO          538    .ARM.Collect$$libinit$$0000002C  c_w.l(libinit2.o)
    0x0800022a   0x00000000   Code   RO          540    .ARM.Collect$$libinit$$0000002E  c_w.l(libinit2.o)
    0x0800022a   0x00000000   Code   RO          542    .ARM.Collect$$libinit$$00000030  c_w.l(libinit2.o)
    0x0800022a   0x00000002   Code   RO          543    .ARM.Collect$$libinit$$00000031  c_w.l(libinit2.o)
    0x0800022c   0x00000002   Code   RO          722    .ARM.Collect$$libshutdown$$00000000  c_w.l(libshutdown.o)
    0x0800022e   0x00000000   Code   RO          680    .ARM.Collect$$libshutdown$$00000003  c_w.l(libshutdown2.o)
    0x0800022e   0x00000000   Code   RO          683    .ARM.Collect$$libshutdown$$00000006  c_w.l(libshutdown2.o)
    0x0800022e   0x00000000   Code   RO          686    .ARM.Collect$$libshutdown$$00000009  c_w.l(libshutdown2.o)
    0x0800022e   0x00000000   Code   RO          688    .ARM.Collect$$libshutdown$$0000000B  c_w.l(libshutdown2.o)
    0x0800022e   0x00000000   Code   RO          691    .ARM.Collect$$libshutdown$$0000000E  c_w.l(libshutdown2.o)
    0x0800022e   0x00000002   Code   RO          692    .ARM.Collect$$libshutdown$$0000000F  c_w.l(libshutdown2.o)
    0x08000230   0x00000000   Code   RO          460    .ARM.Collect$$rtentry$$00000000  c_w.l(rtentry.o)
    0x08000230   0x00000000   Code   RO          559    .ARM.Collect$$rtentry$$00000002  c_w.l(rtentry2.o)
    0x08000230   0x00000006   Code   RO          571    .ARM.Collect$$rtentry$$00000004  c_w.l(rtentry4.o)
    0x08000236   0x00000000   Code   RO          561    .ARM.Collect$$rtentry$$00000009  c_w.l(rtentry2.o)
    0x08000236   0x00000004   Code   RO          562    .ARM.Collect$$rtentry$$0000000A  c_w.l(rtentry2.o)
    0x0800023a   0x00000000   Code   RO          564    .ARM.Collect$$rtentry$$0000000C  c_w.l(rtentry2.o)
    0x0800023a   0x00000008   Code   RO          565    .ARM.Collect$$rtentry$$0000000D  c_w.l(rtentry2.o)
    0x08000242   0x00000002   Code   RO          668    .ARM.Collect$$rtexit$$00000000  c_w.l(rtexit.o)
    0x08000244   0x00000000   Code   RO          696    .ARM.Collect$$rtexit$$00000002  c_w.l(rtexit2.o)
    0x08000244   0x00000004   Code   RO          697    .ARM.Collect$$rtexit$$00000003  c_w.l(rtexit2.o)
    0x08000248   0x00000006   Code   RO          698    .ARM.Collect$$rtexit$$00000004  c_w.l(rtexit2.o)
    0x0800024e   0x00000002   PAD
    0x08000250   0x00000000   Code   RO          580    .emb_text           c_w.l(maybetermalloc1.o)
    0x08000250   0x00000210   Code   RO            2    .text               system_stm32f4xx.o
    0x08000460   0x00000040   Code   RO           48  * .text               startup_stm32f4xx.o
    0x080004a0   0x000000e0   Code   RO           52    .text               buffer.o
    0x08000580   0x00000140   Code   RO           68    .text               clockcontrol.o
    0x080006c0   0x000003f4   Code   RO          101    .text               i2c.o
    0x08000ab4   0x000000f0   Code   RO          139    .text               main.o
    0x08000ba4   0x00000110   Code   RO          179    .text               messenger.o
    0x08000cb4   0x00000bcc   Code   RO          197    .text               mpu6050.o
    0x08001880   0x00000580   Code   RO          212    .text               serial.o
    0x08001e00   0x00000190   Code   RO          244    .text               timer.o
    0x08001f90   0x0000054c   Code   RO          266    .text               usart.o
    0x080024dc   0x000001d4   Code   RO          291    .text               wire.o
    0x080026b0   0x00000034   Code   RO          309    .text               sensors_fusion.o
    0x080026e4   0x00000028   Code   RO          329    .text               c_w.l(calloc.o)
    0x0800270c   0x0000005e   Code   RO          331    .text               c_w.l(h1_alloc.o)
    0x0800276a   0x0000004e   Code   RO          333    .text               c_w.l(h1_free.o)
    0x080027b8   0x000000b8   Code   RO          335    .text               c_w.l(h1_realloc.o)
    0x08002870   0x0000002c   Code   RO          393    .text               c_w.l(__2sprintf.o)
    0x0800289c   0x00000068   Code   RO          397    .text               c_w.l(__printf.o)
    0x08002904   0x00000074   Code   RO          399    .text               c_w.l(_printf_dec.o)
    0x08002978   0x0000003e   Code   RO          424    .text               c_w.l(strlen.o)
    0x080029b6   0x00000096   Code   RO          426    .text               c_w.l(strncmp.o)
    0x08002a4c   0x00000006   Code   RO          428    .text               c_w.l(heapauxi.o)
    0x08002a52   0x00000002   PAD
    0x08002a54   0x00000008   Code   RO          464    .text               c_w.l(rt_heap_descriptor_intlibspace.o)
    0x08002a5c   0x00000004   Code   RO          466    .text               c_w.l(hguard.o)
    0x08002a60   0x0000008a   Code   RO          468    .text               c_w.l(init_alloc.o)
    0x08002aea   0x0000000e   Code   RO          472    .text               c_w.l(h1_init.o)
    0x08002af8   0x000000b2   Code   RO          486    .text               c_w.l(_printf_intcommon.o)
    0x08002baa   0x00000416   Code   RO          488    .text               c_w.l(_printf_fp_dec.o)
    0x08002fc0   0x00000030   Code   RO          490    .text               c_w.l(_printf_char_common.o)
    0x08002ff0   0x0000000a   Code   RO          492    .text               c_w.l(_sputc.o)
    0x08002ffa   0x00000064   Code   RO          495    .text               c_w.l(rt_memcpy_w.o)
    0x0800305e   0x00000044   Code   RO          497    .text               c_w.l(rt_memclr.o)
    0x080030a2   0x00000002   PAD
    0x080030a4   0x00000008   Code   RO          555    .text               c_w.l(libspace.o)
    0x080030ac   0x00000008   Code   RO          576    .text               c_w.l(rt_locale_intlibspace.o)
    0x080030b4   0x00000034   Code   RO          582    .text               c_w.l(h1_extend.o)
    0x080030e8   0x0000008a   Code   RO          586    .text               c_w.l(lludiv10.o)
    0x08003172   0x00000002   PAD
    0x08003174   0x00000080   Code   RO          588    .text               c_w.l(_printf_fp_infnan.o)
    0x080031f4   0x000000d8   Code   RO          592    .text               c_w.l(bigflt0.o)
    0x080032cc   0x0000000e   Code   RO          620    .text               c_w.l(defsig_rtmem_outer.o)
    0x080032da   0x0000004e   Code   RO          624    .text               c_w.l(rt_memclr_w.o)
    0x08003328   0x00000002   Code   RO          639    .text               c_w.l(use_no_semi.o)
    0x0800332a   0x00000000   Code   RO          641    .text               c_w.l(indicate_semi.o)
    0x0800332a   0x0000004a   Code   RO          642    .text               c_w.l(sys_stackheap_outer.o)
    0x08003374   0x0000000c   Code   RO          648    .text               c_w.l(exit.o)
    0x08003380   0x0000000a   Code   RO          650    .text               c_w.l(defsig_exit.o)
    0x0800338a   0x00000002   PAD
    0x0800338c   0x00000050   Code   RO          652    .text               c_w.l(defsig_rtmem_inner.o)
    0x080033dc   0x00000080   Code   RO          654    .text               c_w.l(strcmpv7m.o)
    0x0800345c   0x0000000c   Code   RO          666    .text               c_w.l(sys_exit.o)
    0x08003468   0x00000032   Code   RO          676    .text               c_w.l(defsig_general.o)
    0x0800349a   0x0000000e   Code   RO          693    .text               c_w.l(sys_wrch.o)
    0x080034a8   0x0000003e   Code   RO          595    CL$$btod_d2e        c_w.l(btod.o)
    0x080034e6   0x00000046   Code   RO          597    CL$$btod_d2e_denorm_low  c_w.l(btod.o)
    0x0800352c   0x00000060   Code   RO          596    CL$$btod_d2e_norm_op1  c_w.l(btod.o)
    0x0800358c   0x00000338   Code   RO          605    CL$$btod_div_common  c_w.l(btod.o)
    0x080038c4   0x000000c6   Code   RO          602    CL$$btod_e2e        c_w.l(btod.o)
    0x0800398a   0x00000028   Code   RO          599    CL$$btod_ediv       c_w.l(btod.o)
    0x080039b2   0x00000028   Code   RO          598    CL$$btod_emul       c_w.l(btod.o)
    0x080039da   0x00000244   Code   RO          604    CL$$btod_mult_common  c_w.l(btod.o)
    0x08003c1e   0x00000030   Code   RO          637    i.__ARM_fpclassify  m_wm.l(fpclassify.o)
    0x08003c4e   0x00000002   PAD
    0x08003c50   0x00000118   Code   RO          452    i.__hardfp_floor    m_wm.l(floor.o)
    0x08003d68   0x0000002c   Code   RO          618    locale$$code        c_w.l(lc_numeric_c.o)
    0x08003d94   0x00000150   Code   RO          432    x$fpl$dadd          fz_wm.l(daddsub_clz.o)
    0x08003ee4   0x00000018   Code   RO          631    x$fpl$dcmpinf       fz_wm.l(dcmpi.o)
    0x08003efc   0x000002b0   Code   RO          439    x$fpl$ddiv          fz_wm.l(ddiv.o)
    0x080041ac   0x0000005e   Code   RO          442    x$fpl$dfix          fz_wm.l(dfix.o)
    0x0800420a   0x00000002   PAD
    0x0800420c   0x00000078   Code   RO          544    x$fpl$dleqf         fz_wm.l(dleqf.o)
    0x08004284   0x0000009c   Code   RO          546    x$fpl$dnaninf       fz_wm.l(dnaninf.o)
    0x08004320   0x0000000c   Code   RO          548    x$fpl$dretinf       fz_wm.l(dretinf.o)
    0x0800432c   0x0000006c   Code   RO          446    x$fpl$drleqf        fz_wm.l(drleqf.o)
    0x08004398   0x00000016   Code   RO          433    x$fpl$drsb          fz_wm.l(daddsub_clz.o)
    0x080043ae   0x00000002   PAD
    0x080043b0   0x000001d4   Code   RO          434    x$fpl$dsub          fz_wm.l(daddsub_clz.o)
    0x08004584   0x00000056   Code   RO          448    x$fpl$f2d           fz_wm.l(f2d.o)
    0x080045da   0x0000008c   Code   RO          550    x$fpl$fnaninf       fz_wm.l(fnaninf.o)
    0x08004666   0x0000000a   Code   RO          633    x$fpl$fpinit        fz_wm.l(fpinit.o)
    0x08004670   0x00000004   Code   RO          450    x$fpl$printf1       fz_wm.l(printf1.o)
    0x08004674   0x00000000   Code   RO          552    x$fpl$usenofp       fz_wm.l(usenofp.o)
    0x08004674   0x00000094   Data   RO          593    .constdata          c_w.l(bigflt0.o)
    0x08004708   0x00000020   Data   RO          723    Region$$Table       anon$$obj.o
    0x08004728   0x0000001c   Data   RO          617    locale$$data        c_w.l(lc_numeric_c.o)


    Execution Region ER_RW (Base: 0x20000000, Size: 0x00000038, Max: 0xffffffff, ABSOLUTE)

    Base Addr    Size         Type   Attr      Idx    E Section Name        Object

    0x20000000   0x00000014   Data   RW            3    .data               system_stm32f4xx.o
    0x20000014   0x00000005   Data   RW          140    .data               main.o
    0x20000019   0x00000003   PAD
    0x2000001c   0x0000000c   Data   RW          180    .data               messenger.o
    0x20000028   0x00000010   Data   RW          245    .data               timer.o


    Execution Region ER_ZI (Base: 0x20000038, Size: 0x00000950, Max: 0xffffffff, ABSOLUTE)

    Base Addr    Size         Type   Attr      Idx    E Section Name        Object

    0x20000038   0x00000010   Zero   RW           69    .bss                clockcontrol.o
    0x20000048   0x00000018   Zero   RW          102    .bss                i2c.o
    0x20000060   0x00000060   Zero   RW          198    .bss                mpu6050.o
    0x200000c0   0x00000244   Zero   RW          213    .bss                serial.o
    0x20000304   0x00000018   Zero   RW          267    .bss                usart.o
    0x2000031c   0x0000000c   Zero   RW          292    .bss                wire.o
    0x20000328   0x00000060   Zero   RW          556    .bss                c_w.l(libspace.o)
    0x20000388   0x00000200   Zero   RW           46    HEAP                startup_stm32f4xx.o
    0x20000588   0x00000400   Zero   RW           45    STACK               startup_stm32f4xx.o


==============================================================================

Image component sizes


      Code (inc. data)   RO Data    RW Data    ZI Data      Debug   Object Name

       224          0          0          0          0       2168   buffer.o
       320         14          0          0         16     208661   clockcontrol.o
      1012         16          0          0         24      24027   i2c.o
       240         16          0          5          0       8039   main.o
       272         22          0         12          0       2346   messenger.o
      3020         78          0          0         96       7197   mpu6050.o
        52          0          0          0          0       1037   sensors_fusion.o
      1408         28          0          0        580       8365   serial.o
        64         26        392          0       1536        864   startup_stm32f4xx.o
       528         46          0         20          0       6239   system_stm32f4xx.o
       400         24          0         16          0       2337   timer.o
      1356         54          0          0         24       4388   usart.o
       468          6          0          0         12       3017   wire.o

    ----------------------------------------------------------------------
      9364        330        424         56       2288     278685   Object Totals
         0          0         32          0          0          0   (incl. Generated)
         0          0          0          3          0          0   (incl. Padding)

    ----------------------------------------------------------------------

      Code (inc. data)   RO Data    RW Data    ZI Data      Debug   Library Member Name

        44          6          0          0          0         84   __2sprintf.o
         8          0          0          0          0         68   __main.o
       104          0          0          0          0         84   __printf.o
        52          8          0          0          0          0   __scatter.o
        26          0          0          0          0          0   __scatter_copy.o
        28          0          0          0          0          0   __scatter_zi.o
        48          6          0          0          0         96   _printf_char_common.o
       116         16          0          0          0         92   _printf_dec.o
         6          0          0          0          0          0   _printf_f.o
      1046          0          0          0          0        216   _printf_fp_dec.o
       128         16          0          0          0         84   _printf_fp_infnan.o
       178          0          0          0          0         88   _printf_intcommon.o
         0          0          0          0          0          0   _printf_percent.o
         4          0          0          0          0          0   _printf_percent_end.o
         6          0          0          0          0          0   _printf_u.o
        10          0          0          0          0         68   _sputc.o
       216          4        148          0          0         96   bigflt0.o
      1910        128          0          0          0        672   btod.o
        40          0          0          0          0         80   calloc.o
        10          0          0          0          0         68   defsig_exit.o
        50          0          0          0          0         88   defsig_general.o
        80         58          0          0          0         76   defsig_rtmem_inner.o
        14          0          0          0          0         80   defsig_rtmem_outer.o
        12          0          0          0          0         72   exit.o
        94          0          0          0          0         80   h1_alloc.o
        52          0          0          0          0         68   h1_extend.o
        78          0          0          0          0         80   h1_free.o
        14          0          0          0          0         84   h1_init.o
       184          0          0          0          0         92   h1_realloc.o
         6          0          0          0          0        152   heapauxi.o
         4          0          0          0          0        136   hguard.o
         0          0          0          0          0          0   indicate_semi.o
       138          0          0          0          0        168   init_alloc.o
        44         10         28          0          0         76   lc_numeric_c.o
         2          0          0          0          0          0   libinit.o
        30          0          0          0          0          0   libinit2.o
         2          0          0          0          0          0   libshutdown.o
         2          0          0          0          0          0   libshutdown2.o
         8          4          0          0         96         68   libspace.o
       138          0          0          0          0         80   lludiv10.o
         0          0          0          0          0          0   maybetermalloc1.o
         8          4          0          0          0         68   rt_heap_descriptor_intlibspace.o
         8          4          0          0          0         68   rt_locale_intlibspace.o
        68          0          0          0          0         68   rt_memclr.o
        78          0          0          0          0         80   rt_memclr_w.o
       100          0          0          0          0         80   rt_memcpy_w.o
         0          0          0          0          0          0   rtentry.o
        12          0          0          0          0          0   rtentry2.o
         6          0          0          0          0          0   rtentry4.o
         2          0          0          0          0          0   rtexit.o
        10          0          0          0          0          0   rtexit2.o
       128          0          0          0          0         68   strcmpv7m.o
        62          0          0          0          0         76   strlen.o
       150          0          0          0          0         80   strncmp.o
        12          4          0          0          0         68   sys_exit.o
        74          0          0          0          0         80   sys_stackheap_outer.o
        14          0          0          0          0         76   sys_wrch.o
         2          0          0          0          0         68   use_no_semi.o
       826         16          0          0          0        492   daddsub_clz.o
        24          0          0          0          0        116   dcmpi.o
       688        140          0          0          0        256   ddiv.o
        94          4          0          0          0        140   dfix.o
       120          4          0          0          0        140   dleqf.o
       156          4          0          0          0        140   dnaninf.o
        12          0          0          0          0        116   dretinf.o
       108          0          0          0          0        128   drleqf.o
        86          4          0          0          0        132   f2d.o
       140          4          0          0          0        132   fnaninf.o
        10          0          0          0          0        116   fpinit.o
         4          0          0          0          0        116   printf1.o
         0          0          0          0          0          0   usenofp.o
       280         28          0          0          0        156   floor.o
        48          0          0          0          0        124   fpclassify.o

    ----------------------------------------------------------------------
      8280        472        176          0         96       6380   Library Totals
        18          0          0          0          0          0   (incl. Padding)

    ----------------------------------------------------------------------

      Code (inc. data)   RO Data    RW Data    ZI Data      Debug   Library Name

      5666        268        176          0         96       4076   c_w.l
      2268        176          0          0          0       2024   fz_wm.l
       328         28          0          0          0        280   m_wm.l

    ----------------------------------------------------------------------
      8280        472        176          0         96       6380   Library Totals

    ----------------------------------------------------------------------

==============================================================================


      Code (inc. data)   RO Data    RW Data    ZI Data      Debug   

     17644        802        600         56       2384     279525   Grand Totals
     17644        802        600         56       2384     279525   ELF Image Totals
     17644        802        600         56          0          0   ROM Totals

==============================================================================

    Total RO  Size (Code + RO Data)                18244 (  17.82kB)
    Total RW  Size (RW Data + ZI Data)              2440 (   2.38kB)
    Total ROM Size (Code + RO Data + RW Data)      18300 (  17.87kB)

==============================================================================

